=== Starting Fairness Analysis on results/fixed_personas_binary ===

Step 1: Loading data from all CSV files...
Found 100 files to process
Processed 10/100 files | Total personas: 100 | Total judgments: 40000
Processed 20/100 files | Total personas: 200 | Total judgments: 80000
Processed 30/100 files | Total personas: 300 | Total judgments: 120000
Processed 40/100 files | Total personas: 400 | Total judgments: 160000
Processed 50/100 files | Total personas: 500 | Total judgments: 200000
Processed 60/100 files | Total personas: 600 | Total judgments: 240000
Processed 70/100 files | Total personas: 700 | Total judgments: 280000
Processed 80/100 files | Total personas: 800 | Total judgments: 320000
Processed 90/100 files | Total personas: 900 | Total judgments: 360000
Processed 100/100 files | Total personas: 999 | Total judgments: 399600
Filtering to personas aged 18+...
Data loading complete in 6.75 seconds
Total dataset: 325600 judgments from 814 personas on 200 comparisons

Step 2: Creating persona-pair judgment matrix...
Created pair matrix with 814 personas and 200 pairs

Step 3: Analyzing pair consensus...

Step 4: Extracting keyword features...
Processed 100/814 personas for keyword analysis
Processed 200/814 personas for keyword analysis
Processed 300/814 personas for keyword analysis
Processed 400/814 personas for keyword analysis
Processed 500/814 personas for keyword analysis
Processed 600/814 personas for keyword analysis
Processed 700/814 personas for keyword analysis
Processed 800/814 personas for keyword analysis
Processed 814/814 personas for keyword analysis

Step 5: Clustering personas...
Running K-means clustering with 5 clusters on 814 personas
Generating t-SNE visualization...
Clustering complete

Step 6: Visualizing clusters...

Loading expert/default judge positions...
Created pair matrix with 10 personas and 200 pairs
Processed 10/10 personas for keyword analysis
Created pair matrix with 10 personas and 200 pairs
Processed 10/10 personas for keyword analysis

Step 7: Analyzing cluster characteristics...

Cluster sizes:
Cluster 0: 153 personas (18.8%)
Cluster 1: 179 personas (22.0%)
Cluster 2: 198 personas (24.3%)
Cluster 3: 52 personas (6.4%)
Cluster 4: 232 personas (28.5%)

Step 8: Analyzing top distinctive pairs for each cluster...

Analyzing top distinctive comparison pairs for each cluster...

Cluster 1 distinctive pairs:
  Pair 149: 34.4% said similar (distinctiveness: 0.364)
  Pair 30: 37.4% said similar (distinctiveness: 0.356)
  Pair 152: 33.0% said similar (distinctiveness: 0.338)
  Pair 184: 18.4% said similar (distinctiveness: 0.328)
  Pair 98: 49.2% said similar (distinctiveness: 0.326)

Cluster 3 distinctive pairs:
  Pair 149: 83.7% said similar (distinctiveness: nan)
  Pair 30: 84.6% said similar (distinctiveness: nan)
  Pair 152: 86.5% said similar (distinctiveness: nan)
  Pair 184: 68.3% said similar (distinctiveness: nan)
  Pair 98: 92.3% said similar (distinctiveness: nan)

Cluster 4 distinctive pairs:
  Pair 149: 61.4% said similar (distinctiveness: nan)
  Pair 30: 64.2% said similar (distinctiveness: nan)
  Pair 152: 55.2% said similar (distinctiveness: nan)
  Pair 184: 36.6% said similar (distinctiveness: nan)
  Pair 98: 72.4% said similar (distinctiveness: nan)

Cluster 2 distinctive pairs:
  Pair 108: 64.4% said similar (distinctiveness: 0.155)
  Pair 149: 73.0% said similar (distinctiveness: 0.136)
  Pair 51: 61.6% said similar (distinctiveness: 0.132)
  Pair 184: 53.8% said similar (distinctiveness: 0.129)
  Pair 30: 74.5% said similar (distinctiveness: 0.122)

Cluster 0 distinctive pairs:
  Pair 184: 64.4% said similar (distinctiveness: 0.250)
  Pair 149: 77.5% said similar (distinctiveness: nan)
  Pair 30: 80.7% said similar (distinctiveness: nan)
  Pair 152: 77.5% said similar (distinctiveness: nan)
  Pair 98: 90.2% said similar (distinctiveness: nan)

Step 9: Extracting common phrases from all reasoning text...
