=== SLURM Job Started ===
Job ID: 7567513, Task ID: 
Running on host: holy7c02409.rc.fas.harvard.edu
=== GPU Verification ===
CUDA_VISIBLE_DEVICES = 
SLURM_JOB_GPUS = 
Processing personas 1 to 20
Memory configuration: 16GB
=== Memory Before Running Python ===
              total        used        free      shared  buff/cache   available
Mem:          377Gi       100Gi        90Gi       733Mi       185Gi       272Gi
Swap:            0B          0B          0B
=== Starting Python Script ===
/var/slurmd/spool/slurmd/job7567513/slurm_script: line 76: 1060296 Killed                  python -u ../src/comparison_elicitation.py ${PARAMS} --persona_start ${START} --persona_end ${END} --output ../results/${EXP_NAME}/fairness_judgments_${START}_${END}.csv

real	0m27.805s
user	0m1.111s
sys	0m2.857s
Python script exit code: 137
=== Memory After Job Completed ===
              total        used        free      shared  buff/cache   available
Mem:          377Gi        97Gi        93Gi       733Mi       185Gi       276Gi
Swap:            0B          0B          0B
=== Job  finished: personas 1-20 ===
slurmstepd: error: Detected 1 oom_kill event in StepId=7567513.batch. Some of the step tasks have been OOM Killed.
